
> platform@0.1.0 build
> next build

   Ôû▓ Next.js 16.0.8 (Turbopack)
   - Environments: .env.local


> Build error occurred
Error: Both middleware file "./middleware.ts" and proxy file "./proxy.ts" are detected. Please use "./proxy.ts" only. Learn more: https://nextjs.org/docs/messages/middleware-to-proxy
    at ignore-listed frames
